============================= test session starts =============================
platform win32 -- Python 3.14.0, pytest-9.0.2, pluggy-1.6.0
rootdir: E:\antigravity\signaalKei_platform
plugins: anyio-4.12.1, asyncio-1.3.0
asyncio: mode=Mode.STRICT, debug=False, asyncio_default_fixture_loop_scope=None, asyncio_default_test_loop_scope=function
collected 2 items

python : Unclosed client session
En línea: 1 Carácter: 1
+ python -m pytest api/tests/test_dynamic_exchange.py > test_output.txt ...
+ ~~~~~~~~~~~~~~~~~~~~~~~~~~~~~~~~~~~~~~~~~~~~~~~~~~~~~~~~~~~~~~~~~~~~~
    + CategoryInfo          : NotSpecified: (Unclosed client session:String) [ 
   ], RemoteException
    + FullyQualifiedErrorId : NativeCommandError
 
client_session: <aiohttp.client.ClientSession object at 0x000001266DC44980>
Unclosed client session
client_session: <aiohttp.client.ClientSession object at 0x000001266DC452B0>
Unclosed client session
client_session: <aiohttp.client.ClientSession object at 0x000001266DC46CF0>
api\tests\test_dynamic_exchange.py F.                                    [100%]

================================== FAILURES ===================================
_______________________ test_dynamic_exchange_switching _______________________

    @pytest.mark.asyncio
    async def test_dynamic_exchange_switching():
        # 1. Setup Mock DB
        mock_db = MagicMock()
        mock_db.app_configs.find_one = AsyncMock()
    
        adapter = CcxtAdapter(db_adapter=mock_db)
    
        # 2. Test Default (Binance) when config is missing
        mock_db.app_configs.find_one.return_value = None
    
        with patch('ccxt.async_support.binance') as mock_binance_cls:
            client = await adapter._get_system_client()
            mock_binance_cls.assert_called_once()
            assert adapter._current_exchange_id == 'binance'
    
        # 3. Test Switching to OKX via DB config
        mock_db.app_configs.find_one.return_value = {"key": "active_exchange", "value": "okx"}
    
        with patch('ccxt.async_support.okx') as mock_okx_cls:
            # Should close previous instance (binance)
            adapter._exchange_instance.close = AsyncMock()
    
            client_okx = await adapter._get_system_client()
    
            mock_okx_cls.assert_called_once()
            assert adapter._current_exchange_id == 'okx'
>           adapter._exchange_instance.close.assert_called_once() # Verify cleanup
            ^^^^^^^^^^^^^^^^^^^^^^^^^^^^^^^^^^^^^^^^^^^^^^^^^^^^^

api\tests\test_dynamic_exchange.py:33: 
_ _ _ _ _ _ _ _ _ _ _ _ _ _ _ _ _ _ _ _ _ _ _ _ _ _ _ _ _ _ _ _ _ _ _ _ _ _ _ _

self = <MagicMock name='okx().close' id='1264561969136'>

    def assert_called_once(self):
        """assert that the mock was called only once.
        """
        if not self.call_count == 1:
            msg = ("Expected '%s' to have been called once. Called %s times.%s"
                   % (self._mock_name or 'mock',
                      self.call_count,
                      self._calls_repr()))
>           raise AssertionError(msg)
E           AssertionError: Expected 'close' to have been called once. Called 0 times.

C:\Python314\Lib\unittest\mock.py:964: AssertionError
=========================== short test summary info ===========================
FAILED api/tests/test_dynamic_exchange.py::test_dynamic_exchange_switching - ...
========================= 1 failed, 1 passed in 1.73s =========================
